21 objects imported automatically (use -v 2 for details).

Success: Created Batch 1 (60)
Success: Created Batch 2 (40)
Success: Prevented Batch 3 (Total 110) {'non_field_errors': [ErrorDetail(string='Total capacity limit of 100 students exceeded. At 11:00:00, existing batches plus this one would allow 110 students.', code='invalid')]}
Success: Created non-overlapping Batch 4 (50)
